{"STRING", `"(\\(["\\/bfnrt]|u[0-9a-fA-F][0-9a-fA-F][0-9a-fA-F][0-9a-fA-F])|[^"\\\x{0000}-\x{001F}])*"`, nil},
{"NUMBER", `-?(0|[1-9][0-9]*)(\.[0-9]+)?([Ee][+\-]?(0|[1-9][0-9]*))?`, nil},
{"ws", `[ \t\n\r]+`, nil},
{"XXX__LITERALS", `,|:|\[|\]|false|null|true|\{|\}`, nil},
